Command: /home/bmetal/.espressif/python_env/idf6.2_py3.14_env/bin/python /home/bmetal/esp-idf/tools/idf_monitor.py -p /dev/ttyUSB0 -b 115200 --toolchain-prefix xtensa-esp32-elf- --target esp32 --revision 0 /home/bmetal/esp-idf/uartTest/build/uartTest.elf /home/bmetal/esp-idf/uartTest/build/bootloader/bootloader.elf -m '/home/bmetal/.espressif/python_env/idf6.2_py3.14_env/bin/python' '/home/bmetal/esp-idf/tools/idf.py'
ets Jul 29 2019 12:21:46

rst:0x1 (POWERON_RESET),boot:0x13 (SPI_FAST_FLASH_BOOT)
configsip: 0, SPIWP:0xee
clk_drv:0x00,q_drv:0x00,d_drv:0x00,cs0_drv:0x00,hd_drv:0x00,wp_drv:0x00
mode:DIO, clock div:2
load:0x3fff0040,len:6292
load:0x40078000,len:15820
load:0x40080400,len:3988
entry 0x40080644
[0;32mI (27) boot: ESP-IDF v6.1-dev-5439-g835c947761-dirty 2nd stage bootloader[0m
[0;32mI (27) boot: compile time Jun 12 2026 01:06:42[0m
[0;32mI (28) boot: Multicore bootloader[0m
[0;32mI (31) boot: chip revision: v3.1[0m
[0;32mI (34) boot.esp32: SPI Speed      : 40MHz[0m
[0;32mI (37) boot.esp32: SPI Mode       : DIO[0m
[0;32mI (41) boot.esp32: SPI Flash Size : 2MB[0m
[0;32mI (45) boot: Enabling RNG early entropy source...[0m
[0;32mI (49) boot: Partition Table:[0m
[0;32mI (52) boot: ## Label            Usage          Type ST Offset   Length[0m
[0;32mI (58) boot:  0 nvs              WiFi data        01 02 00009000 00006000[0m
[0;32mI (65) boot:  1 phy_init         RF data          01 01 0000f000 00001000[0m
[0;32mI (71) boot:  2 factory          factory app      00 00 00010000 00100000[0m
[0;32mI (78) boot: End of partition table[0m
[0;32mI (81) esp_image: segment 0: paddr=00010020 vaddr=3f400020 size=0a150h ( 41296) map[0m
[0;32mI (103) esp_image: segment 1: paddr=0001a178 vaddr=3ffb0000 size=02b7ch ( 11132) load[0m
[0;32mI (108) esp_image: segment 2: paddr=0001ccfc vaddr=40080000 size=0331ch ( 13084) load[0m
[0;32mI (113) esp_image: segment 3: paddr=00020020 vaddr=400d0020 size=10e2ch ( 69164) map[0m
[0;32mI (139) esp_image: segment 4: paddr=00030e54 vaddr=4008331c size=08ad0h ( 35536) load[0m
[0;32mI (154) esp_image: segment 5: paddr=0003992c vaddr=50000000 size=00028h (    40) load[0m
[0;32mI (160) boot: Loaded app from partition at offset 0x10000[0m
[0;32mI (161) boot: Disabling RNG early entropy source...[0m
[0;32mI (172) cpu_start: Multicore app[0m
[0;32mI (180) cpu_start: GPIO 3 and 1 are used as console UART I/O pins[0m
[0;32mI (181) cpu_start: Pro cpu start user code[0m
[0;32mI (181) cpu_start: cpu freq: 160000000 Hz[0m
[0;32mI (182) app_init: Application information:[0m
[0;32mI (186) app_init: Project name:     uartTest[0m
[0;32mI (190) app_init: App version:      v6.1-dev-5439-g835c947761-dirty[0m
[0;32mI (196) app_init: Compile time:     Jun 12 2026 01:10:42[0m
[0;32mI (201) app_init: ELF file SHA256:  e744d079f...[0m
[0;32mI (206) app_init: ESP-IDF:          v6.1-dev-5439-g835c947761-dirty[0m
[0;32mI (212) efuse_init: Min chip rev:     v0.0[0m
[0;32mI (215) efuse_init: Max chip rev:     v3.99 [0m
[0;32mI (219) efuse_init: Chip rev:         v3.1[0m
[0;32mI (224) heap_init: Initializing. RAM available for dynamic allocation:[0m
[0;32mI (230) heap_init: At 3FFAE6E0 len 00001920 (6 KiB): DRAM[0m
[0;32mI (235) heap_init: At 3FFB35F8 len 0002CA08 (178 KiB): DRAM[0m
[0;32mI (240) heap_init: At 3FFE0440 len 00003AE0 (14 KiB): D/IRAM[0m
[0;32mI (245) heap_init: At 3FFE4350 len 0001BCB0 (111 KiB): D/IRAM[0m
[0;32mI (251) heap_init: At 4008BDEC len 00014214 (80 KiB): IRAM[0m
[0;33mW (257) spi_flash: Detected boya flash chip but using generic driver. For optimal functionality, enable `SPI_FLASH_SUPPORT_BOYA_CHIP` in menuconfig[0m
[0;32mI (269) spi_flash: detected chip: generic[0m
[0;32mI (273) spi_flash: flash io: dio[0m
[0;33mW (276) spi_flash: Detected size(4096k) larger than the size in the binary image header(2048k). Using the size in the binary image header.[0m
[0;32mI (289) main_task: Started on CPU0[0m
[0;32mI (289) main_task: Calling app_main()[0m
[0;32mI (289) uart: queue free spaces: 10[0m
[0;32mI (829) Header: 170[0m
[0;32mI (829) Data Read: 13 bytes:'�'[0m
[0;32mI (829) HEX: 0x3ffb4810   aa 00 00 22 00 03 00 00  04 d4 00 9a 97           |...".........|[0m
[0;32mI (1249) Header: 170[0m
[0;32mI (1249) Data Read: 13 bytes:'�'[0m
[0;32mI (1249) HEX: 0x3ffb4810   aa 00 00 22 00 03 00 00  04 8d 00 c2 78           |..."........x|[0m
[0;32mI (2529) Header: 238[0m
[0;32mI (2529) Data Read: 13 bytes:'�'[0m
[0;32mI (2529) HEX: 0x3ffb4810   ee 00 00 00 00 01 00 0f  10 ee 00 00 00           |.............|[0m
[0;32mI (2959) Header: 0[0m
[0;32mI (2959) Data Read: 13 bytes:''[0m
[0;32mI (2959) HEX: 0x3ffb4810   00 01 00 0f 10 ee 00 00  00 00 01 00 0f           |.............|[0m
[0;32mI (3809) Header: 16[0m
[0;32mI (3809) Data Read: 13 bytes:'�'[0m
[0;32mI (3809) HEX: 0x3ffb4810   10 ee 00 00 00 00 01 00  0f 10 ee 00 00           |.............|[0m
[0;32mI (4229) Header: 0[0m
[0;32mI (4229) Data Read: 13 bytes:''[0m
[0;32mI (4229) HEX: 0x3ffb4810   00 00 01 00 0f 10 ee 00  00 00 00 01 00           |.............|[0m
[0;32mI (5089) Header: 15[0m
[0;32mI (5089) Data Read: 13 bytes:'�'[0m
[0;32mI (5089) HEX: 0x3ffb4810   0f 10 ee 00 00 00 00 01  00 0f 10 ee 00           |.............|[0m
[0;32mI (5509) Header: 0[0m
[0;32mI (5509) Data Read: 13 bytes:''[0m
[0;32mI (5509) HEX: 0x3ffb4810   00 00 00 01 00 0f 10 ee  00 00 00 00 01           |.............|[0m
[0;32mI (6359) Header: 0[0m
[0;32mI (6359) Data Read: 13 bytes:''[0m
[0;32mI (6359) HEX: 0x3ffb4810   00 0f 10 ee 00 00 00 00  01 00 0f 10 ee           |.............|[0m
[0;32mI (6789) Header: 0[0m
[0;32mI (6789) Data Read: 13 bytes:''[0m
[0;32mI (6789) HEX: 0x3ffb4810   00 00 00 00 01 00 0f 10  ee 00 00 00 00           |.............|[0m
[0;32mI (7219) Header: 1[0m
[0;32mI (7219) Data Read: 13 bytes:''[0m
[0;32mI (7219) HEX: 0x3ffb4810   01 00 0f 10 ee 00 00 00  00 01 00 0f 10           |.............|[0m
[0;32mI (8069) Header: 238[0m
[0;32mI (8069) Data Read: 13 bytes:'�'[0m
[0;32mI (8069) HEX: 0x3ffb4810   ee 00 00 00 00 01 00 0f  10 ee 00 00 00           |.............|[0m
[0;32mI (8499) Header: 0[0m
[0;32mI (8499) Data Read: 13 bytes:''[0m
[0;32mI (8499) HEX: 0x3ffb4810   00 01 00 0f 10 ee 00 00  00 00 01 00 0f           |.............|[0m
[0;32mI (9349) Header: 16[0m
[0;32mI (9349) Data Read: 13 bytes:'�'[0m
[0;32mI (9349) HEX: 0x3ffb4810   10 ee 00 00 00 00 01 00  0f 10 ee 00 00           |.............|[0m
[0;32mI (9769) Header: 0[0m
[0;32mI (9769) Data Read: 13 bytes:''[0m
[0;32mI (9769) HEX: 0x3ffb4810   00 00 01 00 0f 10 ee 00  00 00 00 01 00           |.............|[0m
[0;32mI (10629) Header: 15[0m
[0;32mI (10629) Data Read: 13 bytes:'�'[0m
[0;32mI (10629) HEX: 0x3ffb4810   0f 10 ee 00 00 00 00 01  00 0f 10 ee 00           |.............|[0m
[0;32mI (11049) Header: 0[0m
[0;32mI (11049) Data Read: 13 bytes:''[0m
[0;32mI (11049) HEX: 0x3ffb4810   00 00 00 01 00 0f 10 ee  00 00 00 00 01           |.............|[0m
[0;32mI (12419) Header: 0[0m
[0;32mI (12419) Data Read: 13 bytes:''[0m
[0;32mI (12419) HEX: 0x3ffb4810   00 0f 10 aa 00 00 22 00  03 00 00 82 43           |......".....C|[0m
[0;32mI (13269) Header: 1[0m
[0;32mI (13269) Data Read: 13 bytes:'	��'[0m
[0;32mI (13269) HEX: 0x3ffb4810   01 09 f4 ee 00 00 00 00  01 00 0f 10 ee           |.............|[0m
[0;32mI (13689) Header: 0[0m
[0;32mI (13689) Data Read: 13 bytes:''[0m
[0;32mI (13699) HEX: 0x3ffb4810   00 00 00 00 01 00 0f 10  ee 00 00 00 00           |.............|[0m
[0;32mI (14119) Header: 1[0m
[0;32mI (14119) Data Read: 13 bytes:''[0m
[0;32mI (14119) HEX: 0x3ffb4810   01 00 0f 10 ee 00 00 00  00 01 00 0f 10           |.............|[0m
[0;32mI (14969) Header: 238[0m
[0;32mI (14969) Data Read: 13 bytes:'�'[0m
[0;32mI (14969) HEX: 0x3ffb4810   ee 00 00 00 00 01 00 0f  10 ee 00 00 00           |.............|[0m
[0;32mI (15399) Header: 0[0m
[0;32mI (15399) Data Read: 13 bytes:''[0m
[0;32mI (15399) HEX: 0x3ffb4810   00 01 00 0f 10 ee 00 00  00 00 01 00 0f           |.............|[0m
[0;32mI (16249) Header: 16[0m
[0;32mI (16249) Data Read: 13 bytes:'�'[0m
[0;32mI (16249) HEX: 0x3ffb4810   10 ee 00 00 00 00 01 00  0f 10 ee 00 00           |.............|[0m
[0;32mI (16679) Header: 0[0m
[0;32mI (16679) Data Read: 13 bytes:''[0m
[0;32mI (16679) HEX: 0x3ffb4810   00 00 01 00 0f 10 ee 00  00 00 00 01 00           |.............|[0m
[0;32mI (17529) Header: 15[0m
[0;32mI (17529) Data Read: 13 bytes:'�'[0m
[0;32mI (17529) HEX: 0x3ffb4810   0f 10 ee 00 00 00 00 01  00 0f 10 ee 00           |.............|[0m
[0;32mI (17959) Header: 0[0m
[0;32mI (17959) Data Read: 13 bytes:''[0m
[0;32mI (17959) HEX: 0x3ffb4810   00 00 00 01 00 0f 10 ee  00 00 00 00 01           |.............|[0m
[0;32mI (18809) Header: 0[0m
[0;32mI (18809) Data Read: 13 bytes:''[0m
[0;32mI (18809) HEX: 0x3ffb4810   00 0f 10 ee 00 00 00 00  01 00 0f 10 ee           |.............|[0m
[0;32mI (19229) Header: 0[0m
[0;32mI (19229) Data Read: 13 bytes:''[0m
[0;32mI (19229) HEX: 0x3ffb4810   00 00 00 00 01 00 0f 10  ee 00 00 00 00           |.............|[0m
[0;32mI (19659) Header: 1[0m
[0;32mI (19659) Data Read: 13 bytes:''[0m
[0;32mI (19659) HEX: 0x3ffb4810   01 00 0f 10 ee 00 00 00  00 01 00 0f 10           |.............|[0m
[0;32mI (20509) Header: 238[0m
[0;32mI (20509) Data Read: 13 bytes:'�'[0m
[0;32mI (20509) HEX: 0x3ffb4810   ee 00 00 00 00 01 00 0f  10 ee 00 00 00           |.............|[0m
[0;32mI (20939) Header: 0[0m
[0;32mI (20939) Data Read: 13 bytes:''[0m
[0;32mI (20939) HEX: 0x3ffb4810   00 01 00 0f 10 ee 00 00  00 00 01 00 0f           |.............|[0m
[0;32mI (22219) Header: 16[0m
[0;32mI (22219) Data Read: 13 bytes:'�'[0m
[0;32mI (22219) HEX: 0x3ffb4810   10 ee 00 00 00 00 01 00  0f 10 aa 00 00           |.............|[0m
[0;32mI (22649) Header: 34[0m
[0;32mI (22649) Data Read: 13 bytes:'"'[0m
[0;32mI (22649) HEX: 0x3ffb4810   22 00 03 00 00 00 c2 08  4f 3e aa 00 00           |".......O>...|[0m
[0;32mI (23069) Header: 34[0m
[0;32mI (23069) Data Read: 13 bytes:'"'[0m
[0;32mI (23069) HEX: 0x3ffb4810   22 00 03 00 00 00 5a 00  e1 60 aa 00 00           |".....Z..`...|[0m
[0;32mI (23499) Header: 34[0m
[0;32mI (23499) Data Read: 13 bytes:'"'[0m
[0;32mI (23509) HEX: 0x3ffb4810   22 00 03 00 00 00 59 00  c7 45 aa 00 00           |".....Y..E...|[0m
[0;32mI (23929) Header: 34[0m
[0;32mI (23929) Data Read: 13 bytes:'"'[0m
[0;32mI (23929) HEX: 0x3ffb4810   22 00 03 00 00 00 59 00  dc 5a aa 00 00           |".....Y..Z...|[0m
[0;32mI (24359) Header: 34[0m
[0;32mI (24359) Data Read: 13 bytes:'"'[0m
[0;32mI (24359) HEX: 0x3ffb4810   22 00 03 00 00 00 58 00  d9 56 aa 00 00           |".....X..V...|[0m
[0;32mI (24789) Header: 34[0m
[0;32mI (24789) Data Read: 13 bytes:'"'[0m
[0;32mI (24789) HEX: 0x3ffb4810   22 00 03 00 00 00 58 00  db 58 aa 00 00           |".....X..X...|[0m
